---
source: crates/ndc-clickhouse/tests/query_builder.rs
expression: parameterized_sql
input_file: crates/ndc-clickhouse/tests/query_builder/chinook/01_simple_queries_08_predicate_limit_offset_order_by.request.json
---
SELECT
  toJSONString(
    groupArray(
      cast(
        "_rowset"."_rowset",
        'Tuple(rows Array(Tuple("albumId" Int32, "artistId" Int32, "title" String)))'
      )
    )
  ) AS "rowsets"
FROM
  (
    SELECT
      tuple(
        groupArray(
          tuple(
            "_row"."_field_albumId",
            "_row"."_field_artistId",
            "_row"."_field_title"
          )
        )
      ) AS "_rowset"
    FROM
      (
        SELECT
          "_origin"."AlbumId" AS "_field_albumId",
          "_origin"."ArtistId" AS "_field_artistId",
          "_origin"."Title" AS "_field_title"
        FROM
          "Chinook"."Album" AS "_origin"
        WHERE
          "_origin"."ArtistId" > { p0 :Int32 }
        ORDER BY
          "_origin"."ArtistId" ASC
        LIMIT
          10 OFFSET 10
      ) AS "_row"
  ) AS "_rowset" FORMAT TabSeparatedRaw;
