---
source: crates/ndc-clickhouse/tests/query_builder.rs
expression: printed_parameters
input_file: crates/ndc-clickhouse/tests/query_builder/chinook/03_variables_03_single_set.request.json
---
param_p0={"_varset_id":[1],"_var_ArtistId":[1]}
