---
source: crates/ndc-clickhouse/tests/query_builder.rs
expression: inlined_sql
input_file: crates/ndc-clickhouse/tests/query_builder/complex_columns/02_variables_with_complex_parameters.request.json
---
WITH "_vars" AS (
  SELECT
    *
  FROM
    format(
      JSONColumns,
      '{"_varset_id":[1,2],"_var_var1":[[{"field1":"foo","field2":"bar"}],[{"field1":"foo","field2":"bar"}]],"_var_var2":[[{"field1":"foo","field2":"bar"}],[{"field1":"foo","field2":"bar"}]],"_var_var3":[{"child":{"id":1,"name":"foo"}},{"child":{"id":1,"name":"foo"}}],"_var_var4":[{"child":[{"id":1,"name":"foo"}]},{"child":[{"id":1,"name":"foo"}]}],"_var_var5":[{"child":{"id":1,"name":"foo","toys":[{"id":2,"name":"bar"}]}},{"child":{"id":1,"name":"foo","toys":[{"id":2,"name":"bar"}]}}],"_var_var6":[{"a":null,"b":{"foo":"bar"},"c":[{"a":"foo","b":["foo","bar"]}],"d":{"a":"foo","b":"bar"}},{"a":null,"b":{"foo":"bar"},"c":[{"a":"foo","b":["foo","bar"]}],"d":{"a":"foo","b":"bar"}}]}'
    )
)
SELECT
  toJSONString(
    groupArray(
      cast(
        "_rowset"."_rowset",
        'Tuple(rows Array(Tuple("field1" String)))'
      )
    )
  ) AS "rowsets"
FROM
  "_vars" AS "_vars"
  LEFT JOIN (
    SELECT
      tuple(
        groupArray(tuple("_row"."_field_field1" AS "field1")) AS "rows"
      ) AS "_rowset",
      "_row"."_varset_id" AS "_varset_id"
    FROM
      (
        SELECT
          "_origin"."ColumnA" AS "_field_field1",
          "_vars"."_varset_id" AS "_varset_id"
        FROM
          "_vars" AS "_vars"
          CROSS JOIN "Schema1"."Table1" AS "_origin"
        WHERE
          (
            "_origin"."ColumnB" = "_vars"."_var_var1"
            AND "_origin"."ColumnC" = "_vars"."_var_var2"
            AND "_origin"."ColumnD" = "_vars"."_var_var3"
            AND "_origin"."ColumnE" = "_vars"."_var_var4"
            AND "_origin"."ColumnF" = "_vars"."_var_var5"
            AND "_origin"."ColumnG" = "_vars"."_var_var6"
          )
      ) AS "_row"
    GROUP BY
      "_row"."_varset_id"
  ) AS "_rowset" ON "_vars"."_varset_id" = "_rowset"."_varset_id" FORMAT TabSeparatedRaw;
