---
source: crates/ndc-clickhouse/tests/query_builder.rs
expression: printed_parameters
input_file: crates/ndc-clickhouse/tests/query_builder/chinook/02_relationships_03_parent_predicate.request.json
---
param_p0=10
